// Jest Snapshot v1, https://goo.gl/fbAQLP

exports[`middlewares/legacyBatch option \`allowMutations\` should batch mutations if \`allowMutations=true\` 1`] = `
Object {
  "body": "[{\\"id\\":\\"1\\",\\"query\\":\\"mutation {}\\",\\"variables\\":{}},{\\"id\\":\\"2\\",\\"query\\":\\"mutation {}\\",\\"variables\\":{}}]",
  "headers": Object {
    "Accept": "*/*",
    "Content-Type": "application/json",
  },
  "method": "POST",
}
`;

exports[`middlewares/legacyBatch option \`allowMutations\` should not batch mutations by default 1`] = `
Array [
  Array [
    "/graphql",
    Object {
      "body": "{\\"id\\":\\"1\\",\\"query\\":\\"mutation {}\\",\\"variables\\":{}}",
      "headers": Object {
        "Accept": "*/*",
        "Content-Type": "application/json",
      },
      "method": "POST",
      "signal": AbortSignal {},
    },
  ],
  Array [
    "/graphql",
    Object {
      "body": "{\\"id\\":\\"1\\",\\"query\\":\\"mutation {}\\",\\"variables\\":{}}",
      "headers": Object {
        "Accept": "*/*",
        "Content-Type": "application/json",
      },
      "method": "POST",
      "signal": AbortSignal {},
    },
  ],
]
`;

exports[`middlewares/legacyBatch option \`batchTimeout\` should gather different requests into one batch request 1`] = `
Object {
  "body": "[{\\"id\\":\\"1\\",\\"query\\":\\"\\",\\"variables\\":{}},{\\"id\\":\\"2\\",\\"query\\":\\"\\",\\"variables\\":{}},{\\"id\\":\\"3\\",\\"query\\":\\"\\",\\"variables\\":{}}]",
  "headers": Object {
    "Accept": "*/*",
    "Content-Type": "application/json",
  },
  "method": "POST",
}
`;

exports[`middlewares/legacyBatch option \`batchTimeout\` should gather different requests into two batch request 1`] = `
Array [
  Array [
    "/graphql/batch",
    Object {
      "body": "[{\\"id\\":\\"1\\",\\"query\\":\\"\\",\\"variables\\":{}},{\\"id\\":\\"4\\",\\"query\\":\\"\\",\\"variables\\":{}}]",
      "headers": Object {
        "Accept": "*/*",
        "Content-Type": "application/json",
      },
      "method": "POST",
    },
  ],
  Array [
    "/graphql/batch",
    Object {
      "body": "[{\\"id\\":\\"2\\",\\"query\\":\\"\\",\\"variables\\":{}},{\\"id\\":\\"3\\",\\"query\\":\\"\\",\\"variables\\":{}}]",
      "headers": Object {
        "Accept": "*/*",
        "Content-Type": "application/json",
      },
      "method": "POST",
    },
  ],
]
`;

exports[`middlewares/legacyBatch should handle network failure 1`] = `
Object {
  "body": "[{\\"id\\":\\"1\\",\\"query\\":\\"\\",\\"variables\\":{}},{\\"id\\":\\"2\\",\\"query\\":\\"\\",\\"variables\\":{}}]",
  "headers": Object {
    "Accept": "*/*",
    "Content-Type": "application/json",
  },
  "method": "POST",
}
`;

exports[`middlewares/legacyBatch should handle responses without payload wrapper 1`] = `
Object {
  "body": "[{\\"id\\":\\"1\\",\\"query\\":\\"\\",\\"variables\\":{}},{\\"id\\":\\"2\\",\\"query\\":\\"\\",\\"variables\\":{}}]",
  "headers": Object {
    "Accept": "*/*",
    "Content-Type": "application/json",
  },
  "method": "POST",
}
`;

exports[`middlewares/legacyBatch should handle server errors for all requests 1`] = `
Object {
  "body": "[{\\"id\\":\\"1\\",\\"query\\":\\"\\",\\"variables\\":{}},{\\"id\\":\\"2\\",\\"query\\":\\"\\",\\"variables\\":{}},{\\"id\\":\\"3\\",\\"query\\":\\"\\",\\"variables\\":{}}]",
  "headers": Object {
    "Accept": "*/*",
    "Content-Type": "application/json",
  },
  "method": "POST",
}
`;

exports[`middlewares/legacyBatch should handle server errors for one request 1`] = `
Object {
  "body": "[{\\"id\\":\\"1\\",\\"query\\":\\"\\",\\"variables\\":{}},{\\"id\\":\\"2\\",\\"query\\":\\"\\",\\"variables\\":{}}]",
  "headers": Object {
    "Accept": "*/*",
    "Content-Type": "application/json",
  },
  "method": "POST",
}
`;

exports[`middlewares/legacyBatch should make a successfull single request 1`] = `
Object {
  "body": "{\\"id\\":\\"1\\",\\"query\\":\\"\\",\\"variables\\":{}}",
  "headers": Object {
    "Accept": "*/*",
    "Content-Type": "application/json",
  },
  "method": "POST",
  "signal": AbortSignal {},
}
`;

exports[`middlewares/legacyBatch should make a successfully batch request 1`] = `
Object {
  "body": "[{\\"id\\":\\"1\\",\\"query\\":\\"\\",\\"variables\\":{}},{\\"id\\":\\"2\\",\\"query\\":\\"\\",\\"variables\\":{}}]",
  "headers": Object {
    "Accept": "*/*",
    "Content-Type": "application/json",
  },
  "method": "POST",
}
`;

exports[`middlewares/legacyBatch should make a successfully batch request with duplicate request ids 1`] = `
Object {
  "body": "[{\\"id\\":\\"1\\",\\"query\\":\\"\\",\\"variables\\":{}},{\\"id\\":\\"2\\",\\"query\\":\\"\\",\\"variables\\":{}}]",
  "headers": Object {
    "Accept": "*/*",
    "Content-Type": "application/json",
  },
  "method": "POST",
}
`;

exports[`middlewares/legacyBatch should reject if server does not return response for duplicate request ids 1`] = `
Object {
  "body": "[{\\"id\\":\\"1\\",\\"query\\":\\"\\",\\"variables\\":{}},{\\"id\\":\\"2\\",\\"query\\":\\"\\",\\"variables\\":{}},{\\"id\\":\\"3\\",\\"query\\":\\"\\",\\"variables\\":{}}]",
  "headers": Object {
    "Accept": "*/*",
    "Content-Type": "application/json",
  },
  "method": "POST",
}
`;

exports[`middlewares/legacyBatch should reject if server does not return response for request 1`] = `
Object {
  "body": "[{\\"id\\":\\"1\\",\\"query\\":\\"\\",\\"variables\\":{}},{\\"id\\":\\"2\\",\\"query\\":\\"\\",\\"variables\\":{}}]",
  "headers": Object {
    "Accept": "*/*",
    "Content-Type": "application/json",
  },
  "method": "POST",
}
`;
